// Jest Snapshot v1, https://goo.gl/fbAQLP

exports[`materialUiTheme should match snapshot 1`] = `
Object {
  "breakpoints": Object {
    "between": [Function],
    "down": [Function],
    "keys": Array [
      "xs",
      "sm",
      "md",
      "lg",
      "xl",
    ],
    "only": [Function],
    "up": [Function],
    "values": Object {
      "lg": 1280,
      "md": 960,
      "sm": 600,
      "xl": 1920,
      "xs": 0,
    },
    "width": [Function],
  },
  "direction": "ltr",
  "mixins": Object {
    "gutters": [Function],
    "toolbar": Object {
      "@media (min-width:0px) and (orientation: landscape)": Object {
        "minHeight": 48,
      },
      "@media (min-width:600px)": Object {
        "minHeight": 64,
      },
      "minHeight": 56,
    },
  },
  "overrides": Object {
    "MuiAlert": Object {
      "message": Object {
        "fontSize": 13,
        "paddingTop": 10,
        "textTransform": "uppercase",
      },
      "root": Object {
        "marginBottom": 32,
        "marginTop": 8,
      },
    },
    "MuiAppBar": Object {
      "root": Object {
        "boxShadow": "none",
        "paddingBottom": 30,
        "paddingTop": 22,
      },
    },
    "MuiButton": Object {
      "root": Object {
        "textTransform": "capitalize",
      },
    },
    "MuiDivider": Object {
      "root": Object {
        "backgroundColor": "#000000",
      },
    },
    "MuiInput": Object {
      "root": Object {
        "& input::-webkit-clear-button, & input::-webkit-outer-spin-button, & input::-webkit-inner-spin-button": Object {
          "display": "none",
        },
      },
    },
    "MuiToolbar": Object {
      "root": Object {
        "disableGutters": "true",
      },
    },
    "MuiTooltip": Object {
      "arrow": Object {
        "color": "#000",
      },
      "tooltip": Object {
        "backgroundColor": "#000",
        "color": "#fff",
        "fontSize": "12px",
        "fontWeight": 400,
      },
    },
  },
  "palette": Object {
    "action": Object {
      "activatedOpacity": 0.24,
      "active": "#fff",
      "disabled": "rgba(255, 255, 255, 0.3)",
      "disabledBackground": "rgba(255, 255, 255, 0.12)",
      "disabledOpacity": 0.38,
      "focus": "rgba(255, 255, 255, 0.12)",
      "focusOpacity": 0.12,
      "hover": "rgba(255, 255, 255, 0.08)",
      "hoverOpacity": 0.08,
      "selected": "rgba(255, 255, 255, 0.16)",
      "selectedOpacity": 0.16,
    },
    "augmentColor": [Function],
    "background": Object {
      "dark": "#1B1B1B",
      "default": "#000000",
      "paper": "#0d0e10",
    },
    "common": Object {
      "black": "#000",
      "darkGrey": "#151617",
      "white": "rgba(255, 255, 255, 1)",
    },
    "contrastThreshold": 3,
    "divider": "rgba(255, 255, 255, 0.12)",
    "error": Object {
      "contrastText": "#fff",
      "dark": "rgb(127, 25, 55)",
      "light": "rgb(196, 79, 114)",
      "main": "#B6244F",
    },
    "getContrastText": [Function],
    "grey": Object {
      "100": "#f5f5f5",
      "200": "#eeeeee",
      "300": "#e0e0e0",
      "400": "#bdbdbd",
      "50": "#fafafa",
      "500": "#9e9e9e",
      "600": "#757575",
      "700": "#616161",
      "800": "#424242",
      "900": "#212121",
      "A100": "#d5d5d5",
      "A200": "#aaaaaa",
      "A400": "#303030",
      "A700": "#616161",
    },
    "info": Object {
      "contrastText": "#fff",
      "dark": "#1976d2",
      "light": "#64b5f6",
      "main": "#2196f3",
    },
    "primary": Object {
      "contrastText": "#fff",
      "dark": "rgb(42, 125, 55)",
      "light": "rgb(99, 194, 114)",
      "main": "#3cb34f",
    },
    "secondary": Object {
      "contrastText": "#000",
      "dark": "rgb(178, 178, 178)",
      "light": "rgb(255, 255, 255)",
      "main": "#ffffff",
    },
    "success": Object {
      "contrastText": "#fff",
      "dark": "rgb(42, 125, 55)",
      "light": "rgb(99, 194, 114)",
      "main": "#3cb34f",
    },
    "text": Object {
      "disabled": "rgba(255, 255, 255, 1)",
      "hint": "rgba(184, 233, 134, 1)",
      "icon": "rgba(255, 255, 255, 0.5)",
      "primary": "#ffffff",
      "secondary": "#8c8c8c",
      "success": "#3cb34f",
    },
    "tonalOffset": 0.2,
    "type": "dark",
    "warning": Object {
      "contrastText": "#fff",
      "dark": "rgb(178, 70, 36)",
      "light": "rgb(255, 131, 92)",
      "main": "#ff6534",
    },
  },
  "props": Object {},
  "shadows": Array [
    "none",
    "0px 2px 1px -1px rgba(0,0,0,0.2),0px 1px 1px 0px rgba(0,0,0,0.14),0px 1px 3px 0px rgba(0,0,0,0.12)",
    "0px 3px 1px -2px rgba(0,0,0,0.2),0px 2px 2px 0px rgba(0,0,0,0.14),0px 1px 5px 0px rgba(0,0,0,0.12)",
    "0px 3px 3px -2px rgba(0,0,0,0.2),0px 3px 4px 0px rgba(0,0,0,0.14),0px 1px 8px 0px rgba(0,0,0,0.12)",
    "0px 2px 4px -1px rgba(0,0,0,0.2),0px 4px 5px 0px rgba(0,0,0,0.14),0px 1px 10px 0px rgba(0,0,0,0.12)",
    "0px 3px 5px -1px rgba(0,0,0,0.2),0px 5px 8px 0px rgba(0,0,0,0.14),0px 1px 14px 0px rgba(0,0,0,0.12)",
    "0px 3px 5px -1px rgba(0,0,0,0.2),0px 6px 10px 0px rgba(0,0,0,0.14),0px 1px 18px 0px rgba(0,0,0,0.12)",
    "0px 4px 5px -2px rgba(0,0,0,0.2),0px 7px 10px 1px rgba(0,0,0,0.14),0px 2px 16px 1px rgba(0,0,0,0.12)",
    "0px 5px 5px -3px rgba(0,0,0,0.2),0px 8px 10px 1px rgba(0,0,0,0.14),0px 3px 14px 2px rgba(0,0,0,0.12)",
    "0px 5px 6px -3px rgba(0,0,0,0.2),0px 9px 12px 1px rgba(0,0,0,0.14),0px 3px 16px 2px rgba(0,0,0,0.12)",
    "0px 6px 6px -3px rgba(0,0,0,0.2),0px 10px 14px 1px rgba(0,0,0,0.14),0px 4px 18px 3px rgba(0,0,0,0.12)",
    "0px 6px 7px -4px rgba(0,0,0,0.2),0px 11px 15px 1px rgba(0,0,0,0.14),0px 4px 20px 3px rgba(0,0,0,0.12)",
    "0px 7px 8px -4px rgba(0,0,0,0.2),0px 12px 17px 2px rgba(0,0,0,0.14),0px 5px 22px 4px rgba(0,0,0,0.12)",
    "0px 7px 8px -4px rgba(0,0,0,0.2),0px 13px 19px 2px rgba(0,0,0,0.14),0px 5px 24px 4px rgba(0,0,0,0.12)",
    "0px 7px 9px -4px rgba(0,0,0,0.2),0px 14px 21px 2px rgba(0,0,0,0.14),0px 5px 26px 4px rgba(0,0,0,0.12)",
    "0px 8px 9px -5px rgba(0,0,0,0.2),0px 15px 22px 2px rgba(0,0,0,0.14),0px 6px 28px 5px rgba(0,0,0,0.12)",
    "0px 8px 10px -5px rgba(0,0,0,0.2),0px 16px 24px 2px rgba(0,0,0,0.14),0px 6px 30px 5px rgba(0,0,0,0.12)",
    "0px 8px 11px -5px rgba(0,0,0,0.2),0px 17px 26px 2px rgba(0,0,0,0.14),0px 6px 32px 5px rgba(0,0,0,0.12)",
    "0px 9px 11px -5px rgba(0,0,0,0.2),0px 18px 28px 2px rgba(0,0,0,0.14),0px 7px 34px 6px rgba(0,0,0,0.12)",
    "0px 9px 12px -6px rgba(0,0,0,0.2),0px 19px 29px 2px rgba(0,0,0,0.14),0px 7px 36px 6px rgba(0,0,0,0.12)",
    "0px 10px 13px -6px rgba(0,0,0,0.2),0px 20px 31px 3px rgba(0,0,0,0.14),0px 8px 38px 7px rgba(0,0,0,0.12)",
    "0px 10px 13px -6px rgba(0,0,0,0.2),0px 21px 33px 3px rgba(0,0,0,0.14),0px 8px 40px 7px rgba(0,0,0,0.12)",
    "0px 10px 14px -6px rgba(0,0,0,0.2),0px 22px 35px 3px rgba(0,0,0,0.14),0px 8px 42px 7px rgba(0,0,0,0.12)",
    "0px 11px 14px -7px rgba(0,0,0,0.2),0px 23px 36px 3px rgba(0,0,0,0.14),0px 9px 44px 8px rgba(0,0,0,0.12)",
    "0px 11px 15px -7px rgba(0,0,0,0.2),0px 24px 38px 3px rgba(0,0,0,0.14),0px 9px 46px 8px rgba(0,0,0,0.12)",
  ],
  "shape": Object {
    "borderRadius": 4,
  },
  "spacing": [Function],
  "transitions": Object {
    "create": [Function],
    "duration": Object {
      "complex": 375,
      "enteringScreen": 225,
      "leavingScreen": 195,
      "short": 250,
      "shorter": 200,
      "shortest": 150,
      "standard": 300,
    },
    "easing": Object {
      "easeIn": "cubic-bezier(0.4, 0, 1, 1)",
      "easeInOut": "cubic-bezier(0.4, 0, 0.2, 1)",
      "easeOut": "cubic-bezier(0.0, 0, 0.2, 1)",
      "sharp": "cubic-bezier(0.4, 0, 0.6, 1)",
    },
    "getAutoHeightDuration": [Function],
  },
  "typography": Object {
    "body1": Object {
      "fontFamily": "\\"Roboto\\", \\"Helvetica\\", \\"Arial\\", sans-serif",
      "fontSize": 14,
      "fontWeight": 400,
      "letterSpacing": "0.00938em",
      "lineHeight": 1.5,
    },
    "body2": Object {
      "fontFamily": "\\"Roboto\\", \\"Helvetica\\", \\"Arial\\", sans-serif",
      "fontSize": 12,
      "fontWeight": 400,
      "letterSpacing": "0.01071em",
      "lineHeight": 1.43,
    },
    "button": Object {
      "fontFamily": "\\"Roboto\\", \\"Helvetica\\", \\"Arial\\", sans-serif",
      "fontSize": "0.875rem",
      "fontWeight": 500,
      "letterSpacing": "0.02857em",
      "lineHeight": 1.75,
      "textTransform": "uppercase",
    },
    "caption": Object {
      "fontFamily": "\\"Roboto\\", \\"Helvetica\\", \\"Arial\\", sans-serif",
      "fontSize": "0.75rem",
      "fontWeight": 400,
      "letterSpacing": "0.03333em",
      "lineHeight": 1.66,
    },
    "fontFamily": "\\"Roboto\\", \\"Helvetica\\", \\"Arial\\", sans-serif",
    "fontSize": 14,
    "fontWeightBold": 700,
    "fontWeightLight": 300,
    "fontWeightMedium": 500,
    "fontWeightRegular": 400,
    "h1": Object {
      "fontFamily": "\\"Roboto\\", \\"Helvetica\\", \\"Arial\\", sans-serif",
      "fontSize": 46,
      "fontWeight": 400,
      "letterSpacing": "-0.01562em",
      "lineHeight": 1.167,
    },
    "h2": Object {
      "fontFamily": "\\"Roboto\\", \\"Helvetica\\", \\"Arial\\", sans-serif",
      "fontSize": 30,
      "fontWeight": 500,
      "letterSpacing": "-0.00833em",
      "lineHeight": 1.2,
    },
    "h3": Object {
      "@media (min-width:1550px)": Object {
        "fontSize": 22,
      },
      "fontFamily": "\\"Roboto\\", \\"Helvetica\\", \\"Arial\\", sans-serif",
      "fontSize": 20,
      "fontWeight": 400,
      "letterSpacing": "0em",
      "lineHeight": 1.167,
    },
    "h4": Object {
      "fontFamily": "\\"Roboto\\", \\"Helvetica\\", \\"Arial\\", sans-serif",
      "fontSize": 22,
      "fontWeight": 400,
      "letterSpacing": "0.00735em",
      "lineHeight": 1.235,
    },
    "h5": Object {
      "fontFamily": "\\"Roboto\\", \\"Helvetica\\", \\"Arial\\", sans-serif",
      "fontSize": 16,
      "fontWeight": 500,
      "letterSpacing": "0em",
      "lineHeight": 1.334,
    },
    "h6": Object {
      "fontFamily": "\\"Roboto\\", \\"Helvetica\\", \\"Arial\\", sans-serif",
      "fontSize": 15,
      "fontWeight": 400,
      "letterSpacing": "0.0075em",
      "lineHeight": 1.6,
    },
    "htmlFontSize": 16,
    "overline": Object {
      "fontFamily": "\\"Roboto\\", \\"Helvetica\\", \\"Arial\\", sans-serif",
      "fontSize": 11,
      "fontWeight": 400,
      "letterSpacing": "-0.05px",
      "lineHeight": 1.5,
      "textTransform": "capitalize",
    },
    "pxToRem": [Function],
    "round": [Function],
    "subtitle1": Object {
      "fontFamily": "\\"Roboto\\", \\"Helvetica\\", \\"Arial\\", sans-serif",
      "fontSize": 12,
      "fontWeight": 400,
      "letterSpacing": "-0.05px",
      "lineHeight": 2.6,
    },
    "subtitle2": Object {
      "fontFamily": "\\"Roboto\\", \\"Helvetica\\", \\"Arial\\", sans-serif",
      "fontSize": 11,
      "fontWeight": 400,
      "letterSpacing": "-0.05px",
      "lineHeight": 1.3,
    },
  },
  "zIndex": Object {
    "appBar": 1100,
    "drawer": 1200,
    "mobileStepper": 1000,
    "modal": 1300,
    "snackbar": 1400,
    "speedDial": 1050,
    "tooltip": 1500,
  },
}
`;
